// Jest Snapshot v1, https://goo.gl/fbAQLP

exports[`<AddToCart /> renders and matches the snapshot 1`] = `
<button
  disabled={false}
  onClick={[Function]}
  style={
    Object {
      "cursor": "pointer",
    }
  }
  type="button"
>
  Add
   To Cart ðŸ›’
</button>
`;
